// Jest Snapshot v1, https://goo.gl/fbAQLP

exports[`settings screen render  1`] = `
<div
  data-v-app=""
>
  
  <div
    class="antialiased w-full justify-center"
  >
    <form
      class="w-full"
    >
      
      <div
        class="w-full"
      >
        <div>
          <div
            class="flex items-center w-full bg-white border-border border-[1px] rounded-t-[8px] h-[72px] py-[26px] px-[48px]"
          >
            <!--v-if-->
            <h3
              class=""
              id="lblTitle-0"
            >
              Mock Konnektor
            </h3>
          </div>
          
          <div
            class="form-element-container flex justify-between items-center px-[48px] py-[8px] bg-neutral inner-box-shadow"
          >
            <div
              class="text-sm"
              for="input-connector.mockConnector"
            >
              <label
                class="text-sm"
                id="form-connector.mockConnector-label"
              >
                Status
              </label>
              <div
                class="tooltip"
              >
                <img
                  alt=""
                />
                <span
                  class="tooltiptext"
                >
                  Durch diese Option wird die Hardware, wie der Konnektor, das Kartenterminal und die Smartcards simuliert und ist nur für Entwickler und Tester vorgesehen
                </span>
              </div>
            </div>
            <div>
              <!--v-if-->
              <div>
                <select
                  class="settings-input"
                  id="form-connector.mockConnector"
                >
                  
                  <option
                    value="true"
                  >
                    Aktiviert
                  </option>
                  <option
                    value="false"
                  >
                    Deaktiviert
                  </option>
                  
                </select>
              </div>
              <!--v-if-->
            </div>
          </div>
          <!--v-if-->
          <!--v-if-->
          <!--v-if-->
          <!--v-if-->
          
        </div>
      </div>
      <div
        class="w-full pt-[32px]"
      >
        <div>
          <div
            class="flex items-center w-full bg-white border-border border-[1px] rounded-t-[8px] h-[72px] py-[26px] px-[48px] pl-[23px]"
          >
            <img
              alt="form icon"
              class="object-none pr-[10px]"
              src="[object Object]"
            />
            <h3
              class=""
              id="lblTitle-1"
            >
              Konnektor-Einstellungen
            </h3>
          </div>
          
          <div
            class="form-element-container flex justify-between items-center px-[48px] py-[8px] bg-neutral inner-box-shadow"
          >
            <div
              class="text-sm"
              for="input-connector.entryOption.hostname"
            >
              <label
                class="text-sm"
                id="form-connector.entryOption.hostname-label"
              >
                Host
              </label>
              <div
                class="tooltip"
              >
                <img
                  alt=""
                />
                <span
                  class="tooltiptext"
                >
                  Die IP-Adresse oder der Hostname des Konnektors, zu dem Sie eine Verbindung herstellen möchten. Zu finden im Installationsblatt der Praxis (z.B. 127.0.0.1).
                </span>
              </div>
            </div>
            <div>
              <div>
                <input
                  class="settings-input"
                  id="form-connector.entryOption.hostname"
                  placeholder=""
                  type="input"
                />
              </div>
              <!--v-if-->
              <!--v-if-->
            </div>
          </div>
          <div
            class="form-element-container flex justify-between items-center px-[48px] py-[8px] bg-neutral inner-box-shadow"
          >
            <div
              class="text-sm"
              for="input-connector.entryOption.port"
            >
              <label
                class="text-sm"
                id="form-connector.entryOption.port-label"
              >
                Port
              </label>
              <div
                class="tooltip"
              >
                <img
                  alt=""
                />
                <span
                  class="tooltiptext"
                >
                  Die Portnummer, über die der Konnektor erreichbar ist. Standardmäßig ist dies Port 443 für HTTPS.
                </span>
              </div>
            </div>
            <div>
              <div>
                <input
                  class="settings-input"
                  id="form-connector.entryOption.port"
                  placeholder=""
                  type="input"
                />
              </div>
              <!--v-if-->
              <!--v-if-->
            </div>
          </div>
          <div
            class="form-element-container flex justify-between items-center px-[48px] py-[8px] bg-neutral inner-box-shadow"
          >
            <div
              class="text-sm"
              for="input-connector.contextParameter.mandantId"
            >
              <label
                class="text-sm"
                id="form-connector.contextParameter.mandantId-label"
              >
                Mandant-ID
              </label>
              <div
                class="tooltip"
              >
                <img
                  alt=""
                />
                <span
                  class="tooltiptext"
                >
                  Die ID des Infomodels, dass der Konnektor für den Mandanten verwendet. Zu finden in der administrativen Oberfläche des Konnektors oder im Installationsblatt der Praxis.
                </span>
              </div>
            </div>
            <div>
              <div>
                <input
                  class="settings-input"
                  id="form-connector.contextParameter.mandantId"
                  placeholder=""
                  type="input"
                />
              </div>
              <!--v-if-->
              <!--v-if-->
            </div>
          </div>
          <div
            class="form-element-container flex justify-between items-center px-[48px] py-[8px] bg-neutral inner-box-shadow"
          >
            <div
              class="text-sm"
              for="input-connector.contextParameter.clientId"
            >
              <label
                class="text-sm"
                id="form-connector.contextParameter.clientId-label"
              >
                Client-ID
              </label>
              <div
                class="tooltip"
              >
                <img
                  alt=""
                />
                <span
                  class="tooltiptext"
                >
                  Die ID des Infomodels, dass der Konnektor für die Client-ID verwendet.  Zu finden in der administrativen Oberfläche des Konnektors oder im Installationsblatt der Praxis.
                </span>
              </div>
            </div>
            <div>
              <div>
                <input
                  class="settings-input"
                  id="form-connector.contextParameter.clientId"
                  placeholder=""
                  type="input"
                />
              </div>
              <!--v-if-->
              <!--v-if-->
            </div>
          </div>
          <div
            class="form-element-container flex justify-between items-center px-[48px] py-[8px] bg-neutral inner-box-shadow"
          >
            <div
              class="text-sm"
              for="input-connector.contextParameter.workplaceId"
            >
              <label
                class="text-sm"
                id="form-connector.contextParameter.workplaceId-label"
              >
                Arbeitsplatz-ID
              </label>
              <div
                class="tooltip"
              >
                <img
                  alt=""
                />
                <span
                  class="tooltiptext"
                >
                  Die ID des Infomodels, dass der Konnektor für den Arbeitsplatz verwendet.  Zu finden in der administrativen Oberfläche des Konnektors oder im Installationsblatt der Praxis.
                </span>
              </div>
            </div>
            <div>
              <div>
                <input
                  class="settings-input"
                  id="form-connector.contextParameter.workplaceId"
                  placeholder=""
                  type="input"
                />
              </div>
              <!--v-if-->
              <!--v-if-->
            </div>
          </div>
          <div
            class="form-element-container flex justify-between items-center px-[48px] py-[8px] bg-neutral inner-box-shadow"
          >
            <div
              class="text-sm"
              for="input-connector.tlsAuthType"
            >
              <label
                class="text-sm"
                id="form-connector.tlsAuthType-label"
              >
                TLS Authentisierung
              </label>
              <div
                class="tooltip"
              >
                <img
                  alt=""
                />
                <span
                  class="tooltiptext"
                >
                  Die Methode, die zur Authentisierung verwendet wird, um eine sichere Verbindung zum Konnektor aufzubauen. Dies kann beispielsweise "Zertifikat" oder "Benutzername/Passwort" sein.
                </span>
              </div>
            </div>
            <div>
              <!--v-if-->
              <div>
                <select
                  class="settings-input"
                  id="form-connector.tlsAuthType"
                >
                  
                  <option
                    value="BasicAuth"
                  >
                    Benutzername/Passwort
                  </option>
                  <option
                    value="ServerClientCertAuth"
                  >
                    Zertifikat PEM-Format
                  </option>
                  <option
                    value="ServerClientCertAuth_Pfx"
                  >
                    Zertifikat P12-Datei (RSA only)
                  </option>
                  <option
                    value="ServerCertAuth"
                  >
                    Keine Authentisierung
                  </option>
                  
                </select>
              </div>
              <!--v-if-->
            </div>
          </div>
          <!--v-if-->
          <!--v-if-->
          <!--v-if-->
          <!--v-if-->
          <!--v-if-->
          <!--v-if-->
          <div
            class="form-element-container flex justify-between items-center px-[48px] py-[8px] bg-neutral inner-box-shadow"
          >
            <div
              class="text-sm"
              for="input-connector.entryOption.tlsRejectUnauthorized"
            >
              <label
                class="text-sm"
                id="form-connector.entryOption.tlsRejectUnauthorized-label"
              >
                Konnektor Zertifikat prüfen
              </label>
              <div
                class="tooltip"
              >
                <img
                  alt=""
                />
                <span
                  class="tooltiptext"
                >
                  Diese Option prüft, ob das Serverzertifikat des Konnektors valide ist und ob es in dem Vertrauensbereich des Truststores liegt.
                </span>
              </div>
            </div>
            <div>
              <!--v-if-->
              <div>
                <select
                  class="settings-input"
                  id="form-connector.entryOption.tlsRejectUnauthorized"
                >
                  
                  <option
                    value="true"
                  >
                    Aktiviert
                  </option>
                  <option
                    value="false"
                  >
                    Deaktiviert
                  </option>
                  
                </select>
              </div>
              <!--v-if-->
            </div>
          </div>
          
        </div>
      </div>
      <div
        class="w-full pt-[32px]"
      >
        <div>
          <div
            class="flex items-center w-full bg-white border-border border-[1px] rounded-t-[8px] h-[72px] py-[26px] px-[48px]"
          >
            <!--v-if-->
            <h3
              class=""
              id="lblTitle-2"
            >
              Proxy Einstellungen
            </h3>
          </div>
          
          <div
            class="form-element-container flex justify-between items-center px-[48px] py-[8px] bg-neutral inner-box-shadow"
          >
            <div
              class="text-sm"
              for="input-proxy.proxySettingsType"
            >
              <label
                class="text-sm"
                id="form-proxy.proxySettingsType-label"
              >
                Proxy-Authentifizierung
              </label>
              <div
                class="tooltip"
              >
                <img
                  alt=""
                />
                <span
                  class="tooltiptext"
                >
                  Wenn ein Proxy eingesetzt wird und dieser eine Authentisierung vorsieht, dann können die Einstellung dazu hinterlegt werden. Diese können beispielsweise "Basic Authentifizierung" oder "Zertifikats-Authentifizierung" sein.
                </span>
              </div>
            </div>
            <div>
              <!--v-if-->
              <div>
                <select
                  class="settings-input"
                  id="form-proxy.proxySettingsType"
                >
                  
                  <option
                    value="false"
                  >
                    Keine Proxy-Authentifizierung
                  </option>
                  <option
                    value="BasicAuth"
                  >
                    Basic Authentifizierung
                  </option>
                  <option
                    value="ProxyClientCert"
                  >
                    Zertifikats-Authentifizierung
                  </option>
                  
                </select>
              </div>
              <!--v-if-->
            </div>
          </div>
          <!--v-if-->
          <!--v-if-->
          <!--v-if-->
          <div
            class="form-element-container flex justify-between items-center px-[48px] py-[8px] bg-neutral inner-box-shadow"
          >
            <div
              class="text-sm"
              for="input-proxy.useOsSettings"
            >
              <label
                class="text-sm"
                id="form-proxy.useOsSettings-label"
              >
                Betriebssystem Einstellungen benutzen
              </label>
              <div
                class="tooltip"
              >
                <img
                  alt=""
                />
                <span
                  class="tooltiptext"
                >
                  Bei Aktivierung dieser Funktion werden automatisch die Proxy-Einstellungen des Betriebssystems verwendet.
                </span>
              </div>
            </div>
            <div>
              <!--v-if-->
              <div>
                <select
                  class="settings-input"
                  id="form-proxy.useOsSettings"
                >
                  
                  <option
                    value="true"
                  >
                    Aktiviert
                  </option>
                  <option
                    value="false"
                  >
                    Deaktiviert
                  </option>
                  
                </select>
              </div>
              <!--v-if-->
            </div>
          </div>
          <!--v-if-->
          <!--v-if-->
          <div
            class="form-element-container flex justify-between items-center px-[48px] py-[8px] bg-neutral inner-box-shadow"
          >
            <div
              class="text-sm"
              for="input-proxy.proxyIgnoreList"
            >
              <label
                class="text-sm"
                id="form-proxy.proxyIgnoreList-label"
              >
                kein Proxy für:
              </label>
              <div
                class="tooltip"
              >
                <img
                  alt=""
                />
                <span
                  class="tooltiptext"
                >
                  Per Default laufen alle Adressen über die Windows-Standardeinstellungen der Proxies. Mit dieser Option kann man einstellen, dass bestimmte Adressen nicht über den Standard-Proxy laufen. (Trennzeichen: ";"). Beispiel-Eingaben, die unterstützt werden: 172.*.*.*;*.gematik.de;*.int.gematik.de;127.0.0.1
                </span>
              </div>
            </div>
            <div>
              <div>
                <input
                  class="settings-input"
                  id="form-proxy.proxyIgnoreList"
                  placeholder=""
                  type="input"
                />
              </div>
              <!--v-if-->
              <!--v-if-->
            </div>
          </div>
          
        </div>
      </div>
      <div
        class="w-full pt-[32px]"
      >
        <div>
          <div
            class="flex items-center w-full bg-white border-border border-[1px] rounded-t-[8px] h-[72px] py-[26px] px-[48px]"
          >
            <!--v-if-->
            <h3
              class=""
              id="lblTitle-3"
            >
              Timeout Einstellungen
            </h3>
          </div>
          
          <div
            class="form-element-container flex justify-between items-center px-[48px] py-[8px] bg-neutral inner-box-shadow"
          >
            <div
              class="text-sm"
              for="input-timeoutValue"
            >
              <label
                class="text-sm"
                id="form-timeoutValue-label"
              >
                Wert des Timeouts in Milli-Sekunden
              </label>
              <div
                class="tooltip"
              >
                <img
                  alt=""
                />
                <span
                  class="tooltiptext"
                >
                  Hier kann die Dauer des Timeouts zum Verbindungsaufbau in Millisekunden eingetragen werden (Default 10000ms).
                </span>
              </div>
            </div>
            <div>
              <div>
                <input
                  class="settings-input"
                  id="form-timeoutValue"
                  placeholder="10000"
                  type="number"
                />
              </div>
              <!--v-if-->
              <!--v-if-->
            </div>
          </div>
          
        </div>
      </div>
      <div
        class="w-full pt-[32px]"
      >
        <div>
          <div
            class="flex items-center w-full bg-white border-border border-[1px] rounded-t-[8px] h-[72px] py-[26px] px-[48px]"
          >
            <!--v-if-->
            <h3
              class=""
              id="lblTitle-4"
            >
              Automatische Updates
            </h3>
          </div>
          
          <div
            class="form-element-container flex justify-between items-center px-[48px] py-[8px] bg-neutral inner-box-shadow"
          >
            <div
              class="text-sm"
              for="input-checkUpdatesAutomatically"
            >
              <label
                class="text-sm"
                id="form-checkUpdatesAutomatically-label"
              >
                Updates automatisch durchführen
              </label>
              <div
                class="tooltip"
              >
                <img
                  alt=""
                />
                <span
                  class="tooltiptext"
                >
                  Ist diese Option "Aktiviert", dann prüft der Authenticator regelmäßig , ob es Updates gibt und führt diese eigenständig durch
                </span>
              </div>
            </div>
            <div>
              <!--v-if-->
              <div>
                <select
                  class="settings-input"
                  id="form-checkUpdatesAutomatically"
                >
                  
                  <option
                    value="true"
                  >
                    Aktiviert
                  </option>
                  <option
                    value="false"
                  >
                    Deaktiviert
                  </option>
                  
                </select>
              </div>
              <!--v-if-->
            </div>
          </div>
          
        </div>
      </div>
      
      <div
        class="flex items-center pt-[32px]"
      >
        <button
          class="bt"
          id="btnSaveSettings"
          title="Die Änderungen sind erst wirksam nach dem Speichern"
          type="submit"
        >
          Speichern
        </button>
        <div
          class="w-3/3"
        >
          <div>
            <button
              class="bt ml-[15px]"
              id="btnFeatureTest"
              type="button"
            >
              Funktionstest
            </button>
            <br />
          </div>
        </div>
        <div
          class="w-3/3"
        >
          <div>
            <button
              class="bt ml-[15px]"
              id="btnLogToZip"
              type="button"
            >
              Log-Daten als ZIP-Datei exportieren
            </button>
            <br />
          </div>
        </div>
      </div>
    </form>
  </div>
  <!--v-if-->
  
</div>
`;
